    ************************************************************************
         ***** WARNING! UNAUTHORIZED USE OF THIS SYSTEM IS ILLEGAL! *****
    This system is for the use of authorized users only.  Individuals
    using this computer system without authority, or in excess of their
    authority, are subject to having all of their activities on this system
    monitored and recorded by system personnel.

    In the course of monitoring individuals improperly using this system,
    or in the course of system maintenance, the activities of authorized
    users may also be monitored.

    Anyone using this system expressly consents to such monitoring and is
    advised that if such monitoring reveals possible evidence of criminal
    activity, system personnel may provide the evidence of such monitoring
    to law enforcement officials.
    ************************************************************************
[H[2J(0#3lqqqqqqqqqqqqqqqqqqqqqqqqqqqqqqqqqqqqqk
#4lqqqqqqqqqqqqqqqqqqqqqqqqqqqqqqqqqqqqqk
#3x [1m[7mW[0m [1m[7mE[0m [1m[7mH[0m [1m[7mI[0m   LINUX 2.6.32-358.el6.x86_64 UNIXx
#4x [1m[7mW[0m [1m[7mE[0m [1m[7mH[0m [1m[7mI[0m   LINUX 2.6.32-358.el6.x86_64 UNIXx
#3mqqqqqqqqqqqqqqqqqqqqqqqqqqqqqqqqqqqqqj
#4mqqqqqqqqqqqqqqqqqqqqqqqqqqqqqqqqqqqqqj

#6        lqqqqqqqqqqqqqqqqqqqqqk
#6        x(B This is node UNIX309 (0x
#6        mqqqqqqqqqqqqqqqqqqqqqj

(B

 ------------------------------------------------------------------------------
 

        The Walter and Eliza Hall Institute of Medical Research

/\/\/\/\/\/\/\/\/\/\/\/\/\/\/\/\/\/\/\/\/\/\/\/\/\/\/\/\/\/\/\/\/\/\/\/\/\/\

 
Linux unix309.wehi.edu.au 2.6.32-358.el6.x86_64 #1 SMP Fri Feb 22 00:31:26 UTC 2013 x86_64 x86_64 x86_64 GNU/Linux
 15:53:02 up 25 days,  1:28,  6 users,  load average: 32.25, 31.77, 31.35
]0;/wehisan/home/allstaff/p/pullin.j/CyTOFsimulationunix309 489 % [Kunix309 489 % [Kunix309 489 % [Kunix309 489 % gi [K[K[Kgit init
Initialized empty Git repository in /wehisan/home/allstaff/p/pullin.j/CyTOFsimulation/.git/
]0;/wehisan/home/allstaff/p/pullin.j/CyTOFsimulationunix309 490 % echo "# CyTOD[KFsimulation [K" >> READMD [K[K[KME.ed[K[Kmd
]0;/wehisan/home/allstaff/p/pullin.j/CyTOFsimulationunix309 492 % git add REA[K[K[K.
]0;/wehisan/home/allstaff/p/pullin.j/CyTOFsimulationunix309 494 % git commit "[K-m "first commit [K" 
[master (root-commit) 11c8f5c] first commit
 9 files changed, 85 insertions(+), 0 deletions(-)
 create mode 100644 .Rproj.user/48F5FB31/console06/EF14C18F
 create mode 100644 .Rproj.user/48F5FB31/console06/INDEX001
 create mode 100644 .Rproj.user/48F5FB31/sources/prop/1F02B2E0
 create mode 100644 .Rproj.user/48F5FB31/sources/prop/INDEX
 create mode 100644 .Rproj.user/48F5FB31/sources/s-b4c72e82/2923E052
 create mode 100644 .Rproj.user/48F5FB31/sources/s-b4c72e82/2923E052-contents
 create mode 100644 .Rproj.user/48F5FB31/sources/s-b4c72e82/lock_file
 create mode 100644 .Rproj.user/shared/notebooks/patch-chunk-names
 create mode 100644 .Rproj.user/shared/notebooks/paths
 create mode 100644 CyTOFsimulation.Rproj
 create mode 100644 README.md
 create mode 100644 simulation.R
]0;/wehisan/home/allstaff/p/pullin.j/CyTOFsimulationunix309 495 % git r[K[K[K[K[Kgit remote add origin git@github.com:Voltemand/CyTOFsimulation.git
]0;/wehisan/home/allstaff/p/pullin.j/CyTOFsimulationunix309 497 % git push -u origin master
Counting objects: 20, done.
Delta compression using up to 46 threads.
Compressing objects:   6% (1/15)   Compressing objects:  13% (2/15)   Compressing objects:  20% (3/15)   Compressing objects:  26% (4/15)   Compressing objects:  33% (5/15)   Compressing objects:  40% (6/15)   Compressing objects:  46% (7/15)   Compressing objects:  53% (8/15)   Compressing objects:  60% (9/15)   Compressing objects:  66% (10/15)   Compressing objects:  73% (11/15)   Compressing objects:  80% (12/15)   Compressing objects:  86% (13/15)   Compressing objects:  93% (14/15)   Compressing objects: 100% (15/15)   Compressing objects: 100% (15/15), done.
Writing objects:   5% (1/20)   Writing objects:  10% (2/20)   Writing objects:  15% (3/20)   Writing objects:  20% (4/20)   Writing objects:  25% (5/20)   Writing objects:  30% (6/20)   Writing objects:  35% (7/20)   Writing objects:  40% (8/20)   Writing objects:  45% (9/20)   Writing objects:  50% (10/20)   Writing objects:  55% (11/20)   Writing objects:  60% (12/20)   Writing objects:  65% (13/20)   Writing objects:  70% (14/20)   Writing objects:  75% (15/20)   Writing objects:  80% (16/20)   Writing objects:  85% (17/20)   Writing objects:  90% (18/20)   Writing objects:  95% (19/20)   Writing objects: 100% (20/20)   Writing objects: 100% (20/20), 2.75 KiB, done.
Total 20 (delta 0), reused 0 (delta 0)
To git@github.com:Voltemand/CyTOFsimulation.git
 * [new branch]      master -> master
Branch master set up to track remote branch master from origin.
]0;/wehisan/home/allstaff/p/pullin.j/CyTOFsimulationunix309 499 % git ad=[K[K[Kcoomit [K[K[K[K[Kmiit [K[K[K[Kitt[K[K[Kmit - [K[K"change readme [K" 
error: pathspec 'change readme' did not match any file(s) known to git.
]0;/wehisan/home/allstaff/p/pullin.j/CyTOFsimulationunix309 501 % geit [K[K[K[K[Kgit commit "change readme" -"change readme" m"change readme"  "change readme" 
# On branch master
# Changed but not updated:
#   (use "git add <file>..." to update what will be committed)
#   (use "git checkout -- <file>..." to discard changes in working directory)
#
#       modified:   .Rproj.user/48F5FB31/console06/EF14C18F
#       modified:   .Rproj.user/48F5FB31/sources/prop/INDEX
#       modified:   README.md
#
# Untracked files:
#   (use "git add <file>..." to include in what will be committed)
#
#       .Rproj.user/48F5FB31/sources/prop/ADF493DD
#       .Rproj.user/48F5FB31/sources/s-b4c72e82/C0B07EC6
#       .Rproj.user/48F5FB31/sources/s-b4c72e82/C0B07EC6-contents
no changes added to commit (use "git add" and/or "git commit -a")
]0;/wehisan/home/allstaff/p/pullin.j/CyTOFsimulationunix309 502 % git add . 
]0;/wehisan/home/allstaff/p/pullin.j/CyTOFsimulationunix309 504 % git add .  echo DBD8A98F && /usr/bin/env && echo 43BA622[C[C[C[C[C[C[C[C[C[C[C[C[C[Cgit commit -m "change readme" [K
[master 36d002d] change readme
 6 files changed, 80 insertions(+), 1 deletions(-)
 create mode 100644 .Rproj.user/48F5FB31/sources/prop/ADF493DD
 create mode 100644 .Rproj.user/48F5FB31/sources/s-b4c72e82/C0B07EC6
 create mode 100644 .Rproj.user/48F5FB31/sources/s-b4c72e82/C0B07EC6-contents
]0;/wehisan/home/allstaff/p/pullin.j/CyTOFsimulationunix309 505 % git commit -m "change readme" [C[C[C[C[C[C[C[C[C[C[C[C[C[C[C[C[C[Cadd . [K echo DBD8A98F && /usr/bin/env && echo 43BA622[C[C[C[C[C[C[C[C[C[C[C[C[C[Cgit commit -m "change readme" [K"change readme" [K[C[C[C[C[C[C[C[C[C[C[C[C[C[C echo DBD8A98F && /usr/bin/env && echo 43BA622[C[C[C[C[C[C[C[C[C[C[C[C[C[Cgit push -u origin master[K[C[C[C[C[C[C[C[C[C[C[C[C[C[C echo DBD8A98F && /usr/bin/env && echo 43BA622[C[C[C[C[C[C[C[C[C[C[C[C[C[Cgit remote add origin git@github.com:Voltemand/CyTOFsimulation.git[C[C[C[C[C[C[C[C[C[C[C[C[C[C echo DBD8A98F && /usr/bin/env && echo 43BA622[K[C[C[C[C[C[C[C[C[C[C[C[C[C[Cgit push -u origin master[K
Counting objects: 22, done.
Delta compression using up to 46 threads.
Compressing objects:   7% (1/13)   Compressing objects:  15% (2/13)   Compressing objects:  23% (3/13)   Compressing objects:  30% (4/13)   Compressing objects:  38% (5/13)   Compressing objects:  46% (6/13)   Compressing objects:  53% (7/13)   Compressing objects:  61% (8/13)   Compressing objects:  69% (9/13)   Compressing objects:  76% (10/13)   Compressing objects:  84% (11/13)   Compressing objects:  92% (12/13)   Compressing objects: 100% (13/13)   Compressing objects: 100% (13/13), done.
Writing objects:   7% (1/13)   Writing objects:  15% (2/13)   Writing objects:  23% (3/13)   Writing objects:  30% (4/13)   Writing objects:  38% (5/13)   Writing objects:  46% (6/13)   Writing objects:  53% (7/13)   Writing objects:  61% (8/13)   Writing objects:  69% (9/13)   Writing objects:  76% (10/13)   Writing objects:  84% (11/13)   Writing objects:  92% (12/13)   Writing objects: 100% (13/13)   Writing objects: 100% (13/13), 3.23 KiB, done.
Total 13 (delta 0), reused 0 (delta 0)
To git@github.com:Voltemand/CyTOFsimulation.git
   11c8f5c..36d002d  master -> master
Branch master set up to track remote branch master from origin.
]0;/wehisan/home/allstaff/p/pullin.j/CyTOFsimulationunix309 506 % [Kunix309 507 % touch [K pca [K[K[Kac [K_simulation [K.txt
]0;/wehisan/home/allstaff/p/pullin.j/CyTOFsimulationunix309 508 % [Kunix309 509 % git add[K[Kdd .
]0;/wehisan/home/allstaff/p/pullin.j/CyTOFsimulationunix309 510 % git push origin master
Everything up-to-date
]0;/wehisan/home/allstaff/p/pullin.j/CyTOFsimulationunix309 511 %     ************************************************************************
         ***** WARNING! UNAUTHORIZED USE OF THIS SYSTEM IS ILLEGAL! *****
    This system is for the use of authorized users only.  Individuals
    using this computer system without authority, or in excess of their
    authority, are subject to having all of their activities on this system
    monitored and recorded by system personnel.

    In the course of monitoring individuals improperly using this system,
    or in the course of system maintenance, the activities of authorized
    users may also be monitored.

    Anyone using this system expressly consents to such monitoring and is
    advised that if such monitoring reveals possible evidence of criminal
    activity, system personnel may provide the evidence of such monitoring
    to law enforcement officials.
    ************************************************************************
[H[2J(0#3lqqqqqqqqqqqqqqqqqqqqqqqqqqqqqqqqqqqqqk
#4lqqqqqqqqqqqqqqqqqqqqqqqqqqqqqqqqqqqqqk
#3x [1m[7mW[0m [1m[7mE[0m [1m[7mH[0m [1m[7mI[0m   LINUX 2.6.32-358.el6.x86_64 UNIXx
#4x [1m[7mW[0m [1m[7mE[0m [1m[7mH[0m [1m[7mI[0m   LINUX 2.6.32-358.el6.x86_64 UNIXx
#3mqqqqqqqqqqqqqqqqqqqqqqqqqqqqqqqqqqqqqj
#4mqqqqqqqqqqqqqqqqqqqqqqqqqqqqqqqqqqqqqj

#6        lqqqqqqqqqqqqqqqqqqqqqk
#6        x(B This is node UNIX308 (0x
#6        mqqqqqqqqqqqqqqqqqqqqqj

(B

 ------------------------------------------------------------------------------
 

        The Walter and Eliza Hall Institute of Medical Research

/\/\/\/\/\/\/\/\/\/\/\/\/\/\/\/\/\/\/\/\/\/\/\/\/\/\/\/\/\/\/\/\/\/\/\/\/\/\

 
Linux unix308.wehi.edu.au 2.6.32-358.el6.x86_64 #1 SMP Fri Feb 22 00:31:26 UTC 2013 x86_64 x86_64 x86_64 GNU/Linux
 16:39:39 up 85 days, 20:38,  7 users,  load average: 1.06, 1.37, 1.25

]0;/wehisan/home/allstaff/p/pullin.j/CyTOFsimulationunix308 498 % [Kunix308 498 % git add .
